src/components/common/Evidence/FileUpload.tsx(131,11): error TS2532: Object is possibly 'undefined'.
src/components/common/Evidence/FileUpload.tsx(132,29): error TS2532: Object is possibly 'undefined'.
src/components/common/Evidence/LocationMap.tsx(52,9): error TS6133: 'mapUrl' is declared but its value is never read.
src/components/configuracion/AlertasTab.tsx(34,14): error TS2769: No overload matches this call.
  Overload 1 of 2, '(props: { component: ElementType<any, keyof IntrinsicElements>; } & GridBaseProps & { sx?: SxProps<Theme> | undefined; } & SystemProps<...> & Omit<...>): Element | null', gave the following error.
    Property 'component' is missing in type '{ children: Element; item: true; xs: number; md: number; key: number; }' but required in type '{ component: ElementType<any, keyof IntrinsicElements>; }'.
  Overload 2 of 2, '(props: DefaultComponentProps<GridTypeMap<{}, "div">>): Element | null', gave the following error.
    Type '{ children: Element; item: true; xs: number; md: number; key: number; }' is not assignable to type 'IntrinsicAttributes & GridBaseProps & { sx?: SxProps<Theme> | undefined; } & SystemProps<Theme> & Omit<...>'.
      Property 'item' does not exist on type 'IntrinsicAttributes & GridBaseProps & { sx?: SxProps<Theme> | undefined; } & SystemProps<Theme> & Omit<...>'.
src/components/configuracion/PoliticasTab.tsx(1,1): error TS6133: 'useState' is declared but its value is never read.
src/components/eventos/CargarEventoForm.tsx(132,7): error TS2353: Object literal may only specify known properties, and 'kmFinal' does not exist in type 'Partial<Evento>'.
src/components/eventos/CargarEventoForm.tsx(269,51): error TS6133: 'tipo' is declared but its value is never read.
src/components/eventos/CargarEventoForm.tsx(276,51): error TS6133: 'tipo' is declared but its value is never read.
src/components/eventos/EventoDetalle.tsx(25,3): error TS6133: 'LocationMap' is declared but its value is never read.
src/components/eventos/EventoDetalle.tsx(53,9): error TS6133: 'ubicacion' is declared but its value is never read.
src/pages/Configuracion/Configuracion.tsx(44,31): error TS6133: 'tipoAlerta' is declared but its value is never read.
src/pages/Dashboard/Dashboard.tsx(425,31): error TS2339: Property 'porcentaje' does not exist on type 'PieLabelRenderProps'.
src/pages/Eventos/Eventos.tsx(139,79): error TS2551: Property 'vehiculo' does not exist on type 'Evento'. Did you mean 'vehiculoId'?
src/pages/Eventos/Eventos.tsx(140,73): error TS2551: Property 'chofer' does not exist on type 'Evento'. Did you mean 'choferId'?
src/pages/Eventos/Eventos.tsx(149,7): error TS2322: Type 'EstadoEvento | undefined' is not assignable to type 'EstadoEvento'.
  Type 'undefined' is not assignable to type 'EstadoEvento'.
src/pages/reportes/Reportes.tsx(402,23): error TS2322: Type 'LitrosPorSurtidorData[]' is not assignable to type 'ChartDataInput[]'.
  Type 'LitrosPorSurtidorData' is not assignable to type 'ChartDataInput'.
    Index signature for type 'string' is missing in type 'LitrosPorSurtidorData'.
src/pages/Surtidores/Surtidores.tsx(27,1): error TS6133: 'useTenant' is declared but its value is never read.
src/pages/Tanques/Tanques.tsx(35,11): error TS2430: Interface 'TanqueExtended' incorrectly extends interface 'Tanque'.
  Types of property 'codigo' are incompatible.
    Type 'string | undefined' is not assignable to type 'string'.
      Type 'undefined' is not assignable to type 'string'.
src/pages/Tanques/Tanques.tsx(59,5): error TS2353: Object literal may only specify known properties, and 'capacidadMaxima' does not exist in type 'TanqueExtended'.
src/pages/Tanques/Tanques.tsx(71,5): error TS2353: Object literal may only specify known properties, and 'capacidadMaxima' does not exist in type 'TanqueExtended'.
src/pages/Tanques/Tanques.tsx(83,5): error TS2353: Object literal may only specify known properties, and 'capacidadMaxima' does not exist in type 'TanqueExtended'.
src/pages/Tanques/Tanques.tsx(131,36): error TS2339: Property 'capacidadMaxima' does not exist on type 'TanqueExtended'.
src/pages/Tanques/Tanques.tsx(139,35): error TS2339: Property 'capacidadMaxima' does not exist on type 'TanqueExtended'.
src/pages/Tanques/Tanques.tsx(142,30): error TS2339: Property 'capacidadMaxima' does not exist on type 'TanqueExtended'.
src/pages/Tanques/Tanques.tsx(181,31): error TS2339: Property 'capacidadMaxima' does not exist on type 'TanqueExtended'.
src/pages/Tanques/Tanques.tsx(253,9): error TS2353: Object literal may only specify known properties, and 'capacidadMaxima' does not exist in type 'TanqueExtended'.
src/pages/Tanques/Tanques.tsx(288,49): error TS2339: Property 'capacidadMaxima' does not exist on type 'TanqueExtended'.
src/pages/Tanques/Tanques.tsx(521,32): error TS2339: Property 'capacidadMaxima' does not exist on type 'TanqueExtended'.
src/pages/Tanques/Tanques.tsx(535,34): error TS2339: Property 'capacidadMaxima' does not exist on type 'TanqueExtended'.
src/pages/Validacion/ValidacionEventos.tsx(20,1): error TS6133: 'PendingIcon' is declared but its value is never read.
src/pages/Vehiculos/Vehiculos.tsx(30,1): error TS6133: 'PermissionGuard' is declared but its value is never read.
src/pages/Vehiculos/Vehiculos.tsx(31,1): error TS6133: 'PERMISSIONS' is declared but its value is never read.
src/services/evidenciasService.ts(60,7): error TS2532: Object is possibly 'undefined'.
src/utils/mockData.ts(2,46): error TS6196: 'Tanque' is declared but never used.
src/utils/mockData.ts(19,5): error TS2820: Type '"Di├®sel"' is not assignable to type 'TipoCombustible'. Did you mean '"Diesel"'?
src/utils/mockData.ts(29,5): error TS2820: Type '"Di├®sel"' is not assignable to type 'TipoCombustible'. Did you mean '"Diesel"'?
src/utils/mockData.ts(41,5): error TS2561: Object literal may only specify known properties, but 'empresa' does not exist in type 'Surtidor'. Did you mean to write 'empresaId'?
src/utils/permissions.ts(73,3): error TS2353: Object literal may only specify known properties, and 'Auditor' does not exist in type 'Record<UserRole, Permission[]>'.
src/utils/validacionPoliticas.ts(2,3): error TS2305: Module '"../types/reports"' has no exported member 'Evento'.
src/utils/validacionPoliticas.ts(6,3): error TS6196: 'TipoEvidencia' is declared but never used.
